=== 03:42:29 tiles
study areas with scene + label: ['kerala-coast', 'sundarbans', 'gulf-of-mannar', 'odisha-coast']
$ /Users/kuldeepraj/Major-Project-EconnectAI/.venv/bin/python scripts/build_tiles.py --image /Users/kuldeepraj/Major-Project-EconnectAI/data/scenes/kerala-coast/kerala-coast_2020_s12_10m.tif --label /Users/kuldeepraj/Major-Project-EconnectAI/data/labels/kerala-coast/gmw_2020.tif --name ecoconnect_tiles --tile 256 --stride 128 --bands s1_vv_db,s1_vh_db,s2_blue,s2_green,s2_red,s2_nir,s2_swir16,s2_swir22,s2_ndvi,s2_ndwi --max-negative-ratio 3.0 --min-positive-pixels 20 --id-prefix kerala --source-note kerala-coast 2020: S1 RTC median + S2 L2A median; GMW 2020 weak label
{
 "dataset_root": "/Users/kuldeepraj/Major-Project-EconnectAI/data/ecoconnect_tiles",
 "source_image": "/Users/kuldeepraj/Major-Project-EconnectAI/data/scenes/kerala-coast/kerala-coast_2020_s12_10m.tif",
 "source_label": "/Users/kuldeepraj/Major-Project-EconnectAI/data/labels/kerala-coast/gmw_2020.tif",
 "tile_size": 256,
 "stride": 128,
 "n_tiles_written": 256,
 "n_tiles_skipped_invalid": 0,
 "n_tiles_skipped_unlabelled": 0,
 "n_positive_tiles": 81,
 "n_negative_tiles_dropped": 0,
 "split_counts": {
  "train": 176,
  "val": 32,
  "test": 48
 },
 "positive_fraction_train": 0.001878799944681965,
 "crs": "EPSG:32643",
 "pixel_size": [
  10.0,
  10.0
 ],
 "bands": [
  "s1_vv_db",
  "s1_vh_db",
  "s2_blue",
  "s2_green",
  "s2_red",
  "s2_nir",
  "s2_swir16",
  "s2_swir22",
  "s2_ndvi",
  "s2_ndwi"
 ]
}
$ /Users/kuldeepraj/Major-Project-EconnectAI/.venv/bin/python scripts/build_tiles.py --image /Users/kuldeepraj/Major-Project-EconnectAI/data/scenes/sundarbans/sundarbans_2020_s12_10m.tif --label /Users/kuldeepraj/Major-Project-EconnectAI/data/labels/sundarbans/gmw_2020.tif --name ecoconnect_tiles --tile 256 --stride 128 --bands s1_vv_db,s1_vh_db,s2_blue,s2_green,s2_red,s2_nir,s2_swir16,s2_swir22,s2_ndvi,s2_ndwi --max-negative-ratio 3.0 --min-positive-pixels 20 --id-prefix sundarbans --source-note sundarbans 2020: S1 RTC median + S2 L2A median; GMW 2020 weak label --append
{
 "dataset_root": "/Users/kuldeepraj/Major-Project-EconnectAI/data/ecoconnect_tiles",
 "source_image": "/Users/kuldeepraj/Major-Project-EconnectAI/data/scenes/sundarbans/sundarbans_2020_s12_10m.tif",
 "source_label": "/Users/kuldeepraj/Major-Project-EconnectAI/data/labels/sundarbans/gmw_2020.tif",
 "tile_size": 256,
 "stride": 128,
 "n_tiles_written": 575,
 "n_tiles_skipped_invalid": 0,
 "n_tiles_skipped_unlabelled": 0,
 "n_positive_tiles": 543,
 "n_negative_tiles_dropped": 0,
 "split_counts": {
  "train": 387,
  "val": 92,
  "test": 96
 },
 "positive_fraction_train": 0.6451112811263525,
 "crs": "EPSG:32645",
 "pixel_size": [
  10.0,
  10.0
 ],
 "bands": [
  "s1_vv_db",
  "s1_vh_db",
  "s2_blue",
  "s2_green",
  "s2_red",
  "s2_nir",
  "s2_swir16",
  "s2_swir22",
  "s2_ndvi",
  "s2_ndwi"
 ]
}
$ /Users/kuldeepraj/Major-Project-EconnectAI/.venv/bin/python scripts/build_tiles.py --image /Users/kuldeepraj/Major-Project-EconnectAI/data/scenes/gulf-of-mannar/gulf-of-mannar_2020_s12_10m.tif --label /Users/kuldeepraj/Major-Project-EconnectAI/data/labels/gulf-of-mannar/gmw_2020.tif --name ecoconnect_tiles --tile 256 --stride 128 --bands s1_vv_db,s1_vh_db,s2_blue,s2_green,s2_red,s2_nir,s2_swir16,s2_swir22,s2_ndvi,s2_ndwi --max-negative-ratio 3.0 --min-positive-pixels 20 --id-prefix gulf --source-note gulf-of-mannar 2020: S1 RTC median + S2 L2A median; GMW 2020 weak label --append
{
 "dataset_root": "/Users/kuldeepraj/Major-Project-EconnectAI/data/ecoconnect_tiles",
 "source_image": "/Users/kuldeepraj/Major-Project-EconnectAI/data/scenes/gulf-of-mannar/gulf-of-mannar_2020_s12_10m.tif",
 "source_label": "/Users/kuldeepraj/Major-Project-EconnectAI/data/labels/gulf-of-mannar/gmw_2020.tif",
 "tile_size": 256,
 "stride": 128,
 "n_tiles_written": 200,
 "n_tiles_skipped_invalid": 0,
 "n_tiles_skipped_unlabelled": 0,
 "n_positive_tiles": 50,
 "n_negative_tiles_dropped": 625,
 "split_counts": {
  "train": 139,
  "val": 25,
  "test": 36
 },
 "positive_fraction_train": 0.001192376144482124,
 "crs": "EPSG:32644",
 "pixel_size": [
  10.0,
  10.0
 ],
 "bands": [
  "s1_vv_db",
  "s1_vh_db",
  "s2_blue",
  "s2_green",
  "s2_red",
  "s2_nir",
  "s2_swir16",
  "s2_swir22",
  "s2_ndvi",
  "s2_ndwi"
 ]
}
$ /Users/kuldeepraj/Major-Project-EconnectAI/.venv/bin/python scripts/build_tiles.py --image /Users/kuldeepraj/Major-Project-EconnectAI/data/scenes/odisha-coast/odisha-coast_2020_s12_10m.tif --label /Users/kuldeepraj/Major-Project-EconnectAI/data/labels/odisha-coast/gmw_2020.tif --name ecoconnect_tiles --tile 256 --stride 128 --bands s1_vv_db,s1_vh_db,s2_blue,s2_green,s2_red,s2_nir,s2_swir16,s2_swir22,s2_ndvi,s2_ndwi --max-negative-ratio 3.0 --min-positive-pixels 20 --id-prefix odisha --source-note odisha-coast 2020: S1 RTC median + S2 L2A median; GMW 2020 weak label --append
{
 "dataset_root": "/Users/kuldeepraj/Major-Project-EconnectAI/data/ecoconnect_tiles",
 "source_image": "/Users/kuldeepraj/Major-Project-EconnectAI/data/scenes/odisha-coast/odisha-coast_2020_s12_10m.tif",
 "source_label": "/Users/kuldeepraj/Major-Project-EconnectAI/data/labels/odisha-coast/gmw_2020.tif",
 "tile_size": 256,
 "stride": 128,
 "n_tiles_written": 342,
 "n_tiles_skipped_invalid": 0,
 "n_tiles_skipped_unlabelled": 0,
 "n_positive_tiles": 225,
 "n_negative_tiles_dropped": 0,
 "split_counts": {
  "train": 252,
  "val": 46,
  "test": 44
 },
 "positive_fraction_train": 0.20597899906218997,
 "crs": "EPSG:32645",
 "pixel_size": [
  10.0,
  10.0
 ],
 "bands": [
  "s1_vv_db",
  "s1_vh_db",
  "s2_blue",
  "s2_green",
  "s2_red",
  "s2_nir",
  "s2_swir16",
  "s2_swir22",
  "s2_ndvi",
  "s2_ndwi"
 ]
}
split sizes: {'train': 954, 'val': 195, 'test': 224}
negative subsampling (last area): {'max_negative_ratio': 3.0, 'positive_tiles': 225, 'negative_tiles_dropped': 0}
=== 03:44:45 train
study areas with scene + label: ['kerala-coast', 'sundarbans', 'gulf-of-mannar', 'odisha-coast']
$ /Users/kuldeepraj/Major-Project-EconnectAI/.venv/bin/python scripts/train.py --config configs/train_dev.yaml --experiment-id multi_E1_s1_b0_dev_r2
[train] multi_E1_s1_b0_dev_r2  mode=development  DEVELOPMENT-SUBSET RESULT - NOT FINAL
[train] model=U-Net/efficientnet-b0 (dev or alt config)  params=6.3M  device=mps  amp=False
[train] train=800 val=195 test=200 tiles
[epoch   1/40] train_loss=1.8115 val_loss=1.3082 IoU=0.5492 Dice=0.7090 P=0.5541 R=0.9841 lr=3.00e-04 (37s)
[epoch   2/40] train_loss=0.9207 val_loss=1.2700 IoU=0.5551 Dice=0.7139 P=0.5586 R=0.9888 lr=2.98e-04 (33s)
[epoch   3/40] train_loss=0.7739 val_loss=1.0802 IoU=0.6712 Dice=0.8032 P=0.6803 R=0.9803 lr=2.96e-04 (33s)
[epoch   4/40] train_loss=0.6236 val_loss=1.1549 IoU=0.6222 Dice=0.7671 P=0.6287 R=0.9837 lr=2.93e-04 (33s)
[epoch   5/40] train_loss=0.7111 val_loss=1.2418 IoU=0.5707 Dice=0.7267 P=0.5739 R=0.9904 lr=2.89e-04 (33s)
[epoch   6/40] train_loss=0.5584 val_loss=1.2216 IoU=0.6222 Dice=0.7671 P=0.6304 R=0.9794 lr=2.84e-04 (33s)
[epoch   7/40] train_loss=0.5429 val_loss=1.0598 IoU=0.6414 Dice=0.7815 P=0.6480 R=0.9843 lr=2.78e-04 (33s)
[epoch   8/40] train_loss=0.5151 val_loss=1.1515 IoU=0.6294 Dice=0.7725 P=0.6359 R=0.9839 lr=2.72e-04 (33s)
[epoch   9/40] train_loss=0.4991 val_loss=1.3931 IoU=0.6218 Dice=0.7668 P=0.6348 R=0.9681 lr=2.64e-04 (35s)
[epoch  10/40] train_loss=0.4872 val_loss=1.1111 IoU=0.6540 Dice=0.7908 P=0.6621 R=0.9816 lr=2.57e-04 (39s)
[epoch  11/40] train_loss=0.4616 val_loss=1.0637 IoU=0.6946 Dice=0.8198 P=0.7043 R=0.9807 lr=2.48e-04 (38s)
[epoch  12/40] train_loss=0.5539 val_loss=1.0290 IoU=0.6534 Dice=0.7904 P=0.6600 R=0.9849 lr=2.39e-04 (38s)
[epoch  13/40] train_loss=0.4600 val_loss=1.2409 IoU=0.6326 Dice=0.7749 P=0.6423 R=0.9767 lr=2.29e-04 (38s)
[epoch  14/40] train_loss=0.4697 val_loss=1.1534 IoU=0.6663 Dice=0.7997 P=0.6779 R=0.9749 lr=2.19e-04 (38s)
[epoch  15/40] train_loss=0.4292 val_loss=1.4158 IoU=0.6414 Dice=0.7816 P=0.6558 R=0.9669 lr=2.08e-04 (38s)
[epoch  16/40] train_loss=0.4396 val_loss=1.2439 IoU=0.6712 Dice=0.8033 P=0.6856 R=0.9697 lr=1.97e-04 (39s)
[epoch  17/40] train_loss=0.4368 val_loss=1.4121 IoU=0.6183 Dice=0.7641 P=0.6311 R=0.9682 lr=1.86e-04 (39s)
[epoch  18/40] train_loss=0.4344 val_loss=1.2057 IoU=0.6305 Dice=0.7734 P=0.6384 R=0.9807 lr=1.75e-04 (39s)
[epoch  19/40] train_loss=0.4195 val_loss=1.0120 IoU=0.7152 Dice=0.8340 P=0.7271 R=0.9777 lr=1.63e-04 (40s)
[epoch  20/40] train_loss=0.4056 val_loss=1.1441 IoU=0.6859 Dice=0.8137 P=0.6988 R=0.9737 lr=1.51e-04 (40s)
[epoch  21/40] train_loss=0.3923 val_loss=1.1316 IoU=0.6295 Dice=0.7726 P=0.6377 R=0.9800 lr=1.40e-04 (40s)
[epoch  22/40] train_loss=0.4046 val_loss=1.1071 IoU=0.7008 Dice=0.8241 P=0.7151 R=0.9722 lr=1.28e-04 (40s)
[epoch  23/40] train_loss=0.3794 val_loss=1.1233 IoU=0.6444 Dice=0.7838 P=0.6538 R=0.9783 lr=1.17e-04 (40s)
[epoch  24/40] train_loss=0.3694 val_loss=1.2342 IoU=0.6700 Dice=0.8024 P=0.6833 R=0.9719 lr=1.06e-04 (40s)
[epoch  25/40] train_loss=0.3909 val_loss=1.1127 IoU=0.6716 Dice=0.8036 P=0.6822 R=0.9774 lr=9.47e-05 (40s)
[epoch  26/40] train_loss=0.4186 val_loss=1.1268 IoU=0.7102 Dice=0.8306 P=0.7233 R=0.9752 lr=8.41e-05 (38s)
[epoch  27/40] train_loss=0.3726 val_loss=1.2088 IoU=0.6818 Dice=0.8108 P=0.6951 R=0.9728 lr=7.39e-05 (38s)
[epoch  28/40] train_loss=0.3465 val_loss=1.1506 IoU=0.6647 Dice=0.7986 P=0.6756 R=0.9763 lr=6.42e-05 (39s)
[epoch  29/40] train_loss=0.3924 val_loss=1.2042 IoU=0.6803 Dice=0.8098 P=0.6944 R=0.9710 lr=5.51e-05 (40s)
[epoch  30/40] train_loss=0.3526 val_loss=1.2420 IoU=0.6858 Dice=0.8136 P=0.7016 R=0.9683 lr=4.65e-05 (40s)
[epoch  31/40] train_loss=0.3901 val_loss=1.1911 IoU=0.6514 Dice=0.7889 P=0.6624 R=0.9753 lr=3.86e-05 (40s)
[train] early stopping at epoch 31 (no iou improvement for 12 epochs)
[train] done. best iou=0.7152 at epoch 19. outputs: /Users/kuldeepraj/Major-Project-EconnectAI/outputs/segmentation/multi_E1_s1_b0_dev_r2
=== 04:05:08 evaluate
study areas with scene + label: ['kerala-coast', 'sundarbans', 'gulf-of-mannar', 'odisha-coast']
$ /Users/kuldeepraj/Major-Project-EconnectAI/.venv/bin/python scripts/evaluate.py --checkpoint /Users/kuldeepraj/Major-Project-EconnectAI/outputs/segmentation/multi_E1_s1_b0_dev_r2/best_model.pth --n-panels 12 --rgb-bands 4,3,2
[DEVELOPMENT-SUBSET RESULT - NOT FINAL] test tiles=200  IoU=0.7882 Dice=0.8815 P=0.8066 R=0.9718 F1=0.8815 OA=0.9508 kappa=0.8508
outputs: /Users/kuldeepraj/Major-Project-EconnectAI/outputs/segmentation/multi_E1_s1_b0_dev_r2/metrics.json, test_results.csv, confusion_matrix.png, sample_predictions/
=== 04:05:29 sweep
study areas with scene + label: ['kerala-coast', 'sundarbans', 'gulf-of-mannar', 'odisha-coast']
$ /Users/kuldeepraj/Major-Project-EconnectAI/.venv/bin/python scripts/predict.py --checkpoint /Users/kuldeepraj/Major-Project-EconnectAI/outputs/segmentation/multi_E1_s1_b0_dev_r2/best_model.pth --input /Users/kuldeepraj/Major-Project-EconnectAI/data/scenes/kerala-coast/kerala-coast_2020_s12_10m.tif --output /Users/kuldeepraj/Major-Project-EconnectAI/outputs/segmentation/multi_E1_s1_b0_dev_r2/predictions/kerala-coast_prob.tif --threshold 0.5
{
 "checkpoint": "outputs/segmentation/multi_E1_s1_b0_dev_r2/best_model.pth",
 "experiment_id": "multi_E1_s1_b0_dev_r2",
 "mode": "development",
 "model": {
  "architecture": "U-Net",
  "encoder": "efficientnet-b0",
  "in_channels": 2,
  "num_classes": 1,
  "encoder_weights": "imagenet",
  "paper_name": "U-Net/efficientnet-b0 (dev or alt config)"
 },
 "scene": "data/scenes/kerala-coast/kerala-coast_2020_s12_10m.tif",
 "threshold": 0.5,
 "tta": false,
 "tile": 256,
 "overlap": 64,
 "valid_fraction": 1.0,
 "habitat_fraction_at_threshold": 0.011989503895776358,
 "outputs": {
  "probability": "/Users/kuldeepraj/Major-Project-EconnectAI/outputs/segmentation/multi_E1_s1_b0_dev_r2/predictions/kerala-coast_prob.tif",
  "confidence": "/Users/kuldeepraj/Major-Project-EconnectAI/outputs/segmentation/multi_E1_s1_b0_dev_r2/predictions/kerala-coast_confidence.tif",
  "binary": "/Users/kuldeepraj/Major-Project-EconnectAI/outputs/segmentation/multi_E1_s1_b0_dev_r2/predictions/kerala-coast_binary_t0.50.tif"
 }
}
$ /Users/kuldeepraj/Major-Project-EconnectAI/.venv/bin/python scripts/predict.py --checkpoint /Users/kuldeepraj/Major-Project-EconnectAI/outputs/segmentation/multi_E1_s1_b0_dev_r2/best_model.pth --input /Users/kuldeepraj/Major-Project-EconnectAI/data/scenes/sundarbans/sundarbans_2020_s12_10m.tif --output /Users/kuldeepraj/Major-Project-EconnectAI/outputs/segmentation/multi_E1_s1_b0_dev_r2/predictions/sundarbans_prob.tif --threshold 0.5
{
 "checkpoint": "outputs/segmentation/multi_E1_s1_b0_dev_r2/best_model.pth",
 "experiment_id": "multi_E1_s1_b0_dev_r2",
 "mode": "development",
 "model": {
  "architecture": "U-Net",
  "encoder": "efficientnet-b0",
  "in_channels": 2,
  "num_classes": 1,
  "encoder_weights": "imagenet",
  "paper_name": "U-Net/efficientnet-b0 (dev or alt config)"
 },
 "scene": "data/scenes/sundarbans/sundarbans_2020_s12_10m.tif",
 "threshold": 0.5,
 "tta": false,
 "tile": 256,
 "overlap": 64,
 "valid_fraction": 1.0,
 "habitat_fraction_at_threshold": 0.633970745903331,
 "outputs": {
  "probability": "/Users/kuldeepraj/Major-Project-EconnectAI/outputs/segmentation/multi_E1_s1_b0_dev_r2/predictions/sundarbans_prob.tif",
  "confidence": "/Users/kuldeepraj/Major-Project-EconnectAI/outputs/segmentation/multi_E1_s1_b0_dev_r2/predictions/sundarbans_confidence.tif",
  "binary": "/Users/kuldeepraj/Major-Project-EconnectAI/outputs/segmentation/multi_E1_s1_b0_dev_r2/predictions/sundarbans_binary_t0.50.tif"
 }
}
$ /Users/kuldeepraj/Major-Project-EconnectAI/.venv/bin/python scripts/predict.py --checkpoint /Users/kuldeepraj/Major-Project-EconnectAI/outputs/segmentation/multi_E1_s1_b0_dev_r2/best_model.pth --input /Users/kuldeepraj/Major-Project-EconnectAI/data/scenes/gulf-of-mannar/gulf-of-mannar_2020_s12_10m.tif --output /Users/kuldeepraj/Major-Project-EconnectAI/outputs/segmentation/multi_E1_s1_b0_dev_r2/predictions/gulf-of-mannar_prob.tif --threshold 0.5
{
 "checkpoint": "outputs/segmentation/multi_E1_s1_b0_dev_r2/best_model.pth",
 "experiment_id": "multi_E1_s1_b0_dev_r2",
 "mode": "development",
 "model": {
  "architecture": "U-Net",
  "encoder": "efficientnet-b0",
  "in_channels": 2,
  "num_classes": 1,
  "encoder_weights": "imagenet",
  "paper_name": "U-Net/efficientnet-b0 (dev or alt config)"
 },
 "scene": "data/scenes/gulf-of-mannar/gulf-of-mannar_2020_s12_10m.tif",
 "threshold": 0.5,
 "tta": false,
 "tile": 256,
 "overlap": 64,
 "valid_fraction": 1.0,
 "habitat_fraction_at_threshold": 0.0027982271570994514,
 "outputs": {
  "probability": "/Users/kuldeepraj/Major-Project-EconnectAI/outputs/segmentation/multi_E1_s1_b0_dev_r2/predictions/gulf-of-mannar_prob.tif",
  "confidence": "/Users/kuldeepraj/Major-Project-EconnectAI/outputs/segmentation/multi_E1_s1_b0_dev_r2/predictions/gulf-of-mannar_confidence.tif",
  "binary": "/Users/kuldeepraj/Major-Project-EconnectAI/outputs/segmentation/multi_E1_s1_b0_dev_r2/predictions/gulf-of-mannar_binary_t0.50.tif"
 }
}
$ /Users/kuldeepraj/Major-Project-EconnectAI/.venv/bin/python scripts/predict.py --checkpoint /Users/kuldeepraj/Major-Project-EconnectAI/outputs/segmentation/multi_E1_s1_b0_dev_r2/best_model.pth --input /Users/kuldeepraj/Major-Project-EconnectAI/data/scenes/odisha-coast/odisha-coast_2020_s12_10m.tif --output /Users/kuldeepraj/Major-Project-EconnectAI/outputs/segmentation/multi_E1_s1_b0_dev_r2/predictions/odisha-coast_prob.tif --threshold 0.5
{
 "checkpoint": "outputs/segmentation/multi_E1_s1_b0_dev_r2/best_model.pth",
 "experiment_id": "multi_E1_s1_b0_dev_r2",
 "mode": "development",
 "model": {
  "architecture": "U-Net",
  "encoder": "efficientnet-b0",
  "in_channels": 2,
  "num_classes": 1,
  "encoder_weights": "imagenet",
  "paper_name": "U-Net/efficientnet-b0 (dev or alt config)"
 },
 "scene": "data/scenes/odisha-coast/odisha-coast_2020_s12_10m.tif",
 "threshold": 0.5,
 "tta": false,
 "tile": 256,
 "overlap": 64,
 "valid_fraction": 1.0,
 "habitat_fraction_at_threshold": 0.2603678621600651,
 "outputs": {
  "probability": "/Users/kuldeepraj/Major-Project-EconnectAI/outputs/segmentation/multi_E1_s1_b0_dev_r2/predictions/odisha-coast_prob.tif",
  "confidence": "/Users/kuldeepraj/Major-Project-EconnectAI/outputs/segmentation/multi_E1_s1_b0_dev_r2/predictions/odisha-coast_confidence.tif",
  "binary": "/Users/kuldeepraj/Major-Project-EconnectAI/outputs/segmentation/multi_E1_s1_b0_dev_r2/predictions/odisha-coast_binary_t0.50.tif"
 }
}
$ /Users/kuldeepraj/Major-Project-EconnectAI/.venv/bin/python scripts/threshold_sweep.py --experiment /Users/kuldeepraj/Major-Project-EconnectAI/outputs/segmentation/multi_E1_s1_b0_dev_r2 --prob /Users/kuldeepraj/Major-Project-EconnectAI/outputs/segmentation/multi_E1_s1_b0_dev_r2/predictions/kerala-coast_prob.tif --label /Users/kuldeepraj/Major-Project-EconnectAI/data/labels/kerala-coast/gmw_2020.tif --prob /Users/kuldeepraj/Major-Project-EconnectAI/outputs/segmentation/multi_E1_s1_b0_dev_r2/predictions/sundarbans_prob.tif --label /Users/kuldeepraj/Major-Project-EconnectAI/data/labels/sundarbans/gmw_2020.tif --prob /Users/kuldeepraj/Major-Project-EconnectAI/outputs/segmentation/multi_E1_s1_b0_dev_r2/predictions/gulf-of-mannar_prob.tif --label /Users/kuldeepraj/Major-Project-EconnectAI/data/labels/gulf-of-mannar/gmw_2020.tif --prob /Users/kuldeepraj/Major-Project-EconnectAI/outputs/segmentation/multi_E1_s1_b0_dev_r2/predictions/odisha-coast_prob.tif --label /Users/kuldeepraj/Major-Project-EconnectAI/data/labels/odisha-coast/gmw_2020.tif
scope: threshold selected on val-split tiles (195 tiles pooled over 4 raster(s)); test split reported at the selected threshold
  thr    IoU     F1      P      R  #patches>=MMU  habitat ha
 0.30  0.697  0.822  0.705  0.985            131       87865
 0.35  0.706  0.827  0.714  0.984            129       87147
 0.40  0.713  0.833  0.722  0.983            129       86461
 0.45  0.721  0.838  0.731  0.982            122       85787
 0.50  0.728  0.843  0.739  0.980            118       85104
 0.55  0.735  0.847  0.747  0.978            115       84432
 0.60  0.742  0.852  0.755  0.977            106       83746
 0.65  0.749  0.857  0.764  0.975            106       83019
 0.70  0.757  0.862  0.774  0.972            105       82239
 0.75  0.765  0.867  0.784  0.970            103       81362
 0.80  0.775  0.873  0.796  0.966            103       80300
 0.85  0.786  0.880  0.812  0.961             93       78877
 0.90  0.802  0.890  0.836  0.952             93       76468 <- selected
held-out TEST at 0.90: IoU 0.859  F1 0.924  P 0.892  R 0.958
written: /Users/kuldeepraj/Major-Project-EconnectAI/outputs/segmentation/multi_E1_s1_b0_dev_r2/threshold_calibration.{json,csv,png}
=== 04:06:17 REBUILD DONE
