[acquire] gulf-of-mannar  bbox=(9.0, 78.9, 9.3, 79.3)  grid=4415x3343 @ 10 m  EPSG:32644
[acquire] date range ['2020-01-01', '2020-12-31']  provider=stac (no credentials)
[acquire] Sentinel-1 RTC (Planetary Computer) ...
  S1 S1A_IW_GRDH_1SDV_20200102T003240_20200102T003305_030614_0381E6_rtc  2020-01-02  descending
  S1 S1A_IW_GRDH_1SDV_20200219T003304_20200219T003332_031314_039A56_rtc  2020-02-19  descending
  S1 S1A_IW_GRDH_1SDV_20200513T003249_20200513T003314_032539_03C4C9_rtc  2020-05-13  descending
  S1 S1A_IW_GRDH_1SDV_20200829T003256_20200829T003321_034114_03F626_rtc  2020-08-29  descending
[acquire] Sentinel-2 L2A (Earth Search) ...
  S2 granules covering the AOI: MGRS-44PKR (92%), MGRS-44PLR (30%)
  S2 S2A_44PKR_20200614_1_L2A  cloud=0.4%  AOI overlap=92%
Traceback (most recent call last):
  File "rasterio/_io.pyx", line 894, in rasterio._io.DatasetReaderBase._read
    io_multi_mask(self._hds, 0, xoff, yoff, width, height, out, indexes_arr, resampling=resampling.value)
  File "rasterio/_io.pyx", line 245, in rasterio._io.io_multi_mask
    with stack_errors() as checker:
  File "rasterio/_io.pyx", line 250, in rasterio._io.io_multi_mask
    retval = checker.exc_wrap_int(retval)
  File "rasterio/_err.pyx", line 325, in rasterio._err.StackChecker.exc_wrap_int
rasterio._err.CPLE_AppDefinedError: Cannot read 1314278 bytes at offset 126095694

The above exception was the direct cause of the following exception:

Traceback (most recent call last):
  File "/Users/kuldeepraj/Major-Project-EconnectAI/scripts/acquire_study_area.py", line 122, in <module>
    raise SystemExit(main())
                     ~~~~^^
  File "/Users/kuldeepraj/Major-Project-EconnectAI/scripts/acquire_study_area.py", line 92, in main
    b, n, i = sentinel2_composite(aoi, grid, cfg["sentinel2"], acq)
              ~~~~~~~~~~~~~~~~~~~^^^^^^^^^^^^^^^^^^^^^^^^^^^^^^^^^^
  File "/Users/kuldeepraj/Major-Project-EconnectAI/ecoconnect/gee/stac_acquire.py", line 184, in sentinel2_composite
    dedup.sort(key=lambda it: it["properties"]["eo:cloud_cover"])
              ^^^^^^^^^^^^^^^^^^^^^^^^^^^^^^^^^^^^^^^^^^^^^^^^^^^
  File "/Users/kuldeepraj/Major-Project-EconnectAI/ecoconnect/gee/stac_acquire.py", line 112, in _read_asset_to_grid
    last = e
       ^^^^^
  File "rasterio/_io.pyx", line 578, in rasterio._io.DatasetReaderBase.read
  File "rasterio/_io.pyx", line 900, in rasterio._io.DatasetReaderBase._read
    raise RasterioIOError("Read failed. See previous exception for details.") from cplerr
rasterio.errors.RasterioIOError: Read failed. See previous exception for details.
