[acquire] odisha-coast  bbox=(20.6, 86.78, 20.84, 87.02)  grid=2502x2659 @ 10 m  EPSG:32645
[acquire] date range ['2020-01-01', '2020-12-31']  provider=stac (no credentials)
[acquire] Sentinel-1 RTC (Planetary Computer) ...
  S1 S1A_IW_GRDH_1SDV_20200101T122010_20200101T122035_030607_0381AA_rtc  2020-01-01  ascending
  S1 S1A_IW_GRDH_1SDV_20200218T122009_20200218T122034_031307_039A12_rtc  2020-02-18  ascending
  S1 S1A_IW_GRDH_1SDV_20200418T122010_20200418T122035_032182_03B8A6_rtc  2020-04-18  ascending
  S1 S1A_IW_GRDH_1SDV_20200605T122012_20200605T122037_032882_03CF05_rtc  2020-06-05  ascending
  S1 S1A_IW_GRDH_1SDV_20200804T122016_20200804T122041_033757_03E9A2_rtc  2020-08-04  ascending
  S1 S1A_IW_GRDH_1SDV_20201003T122018_20201003T122043_034632_040865_rtc  2020-10-03  ascending
[acquire] Sentinel-2 L2A (Earth Search) ...
  S2 granules covering the AOI: MGRS-45QWC (7%), MGRS-45QVD (54%), MGRS-45QWD (5%), MGRS-45QVC (83%)
  S2 S2B_45QWC_20200214_1_L2A  cloud=0.0%  AOI overlap=7%
  S2 S2B_45QWC_20201130_1_L2A  cloud=0.0%  AOI overlap=7%
  S2 S2B_45QWC_20201220_1_L2A  cloud=0.0%  AOI overlap=7%
  S2 S2B_45QVD_20200214_1_L2A  cloud=0.0%  AOI overlap=54%
  S2 S2B_45QVD_20201130_1_L2A  cloud=0.0%  AOI overlap=54%
  S2 S2A_45QVD_20201115_2_L2A  cloud=0.0%  AOI overlap=54%
  S2 S2B_45QWD_20200214_1_L2A  cloud=0.0%  AOI overlap=5%
  S2 S2B_45QWD_20201130_1_L2A  cloud=0.0%  AOI overlap=5%
  S2 S2B_45QWD_20201220_3_L2A  cloud=0.0%  AOI overlap=5%
  S2 S2B_45QVC_20200214_1_L2A  cloud=0.0%  AOI overlap=83%
ERROR 1: Request for https://sentinel-cogs.s3.us-west-2.amazonaws.com/sentinel-s2-l2a-cogs/45/Q/VC/2020/2/S2B_45QVC_20200214_1_L2A/B08.tif range 56177231-60348223 failed with response_code=206
rasterio._err.CPLE_AppDefinedError: ZIPDecode:Decoding error at scanline 0, unknown compression method

The above exception was the direct cause of the following exception:

rasterio._err.CPLE_AppDefinedError: ZIPDecode:Decoding error at scanline 0, unknown compression method

The above exception was the direct cause of the following exception:

Traceback (most recent call last):
  File "rasterio/_io.pyx", line 894, in rasterio._io.DatasetReaderBase._read
    io_multi_mask(self._hds, 0, xoff, yoff, width, height, out, indexes_arr, resampling=resampling.value)
  File "rasterio/_io.pyx", line 245, in rasterio._io.io_multi_mask
    with stack_errors() as checker:
  File "rasterio/_io.pyx", line 250, in rasterio._io.io_multi_mask
    retval = checker.exc_wrap_int(retval)
  File "rasterio/_err.pyx", line 325, in rasterio._err.StackChecker.exc_wrap_int
rasterio._err.CPLE_AppDefinedError: ZIPDecode:Decoding error at scanline 0, unknown compression method

The above exception was the direct cause of the following exception:

Traceback (most recent call last):
  File "/Users/kuldeepraj/Major-Project-EconnectAI/scripts/acquire_study_area.py", line 99, in <module>
    path = parts[0]
                 ^^
  File "/Users/kuldeepraj/Major-Project-EconnectAI/scripts/acquire_study_area.py", line 74, in main
  File "/Users/kuldeepraj/Major-Project-EconnectAI/ecoconnect/gee/stac_acquire.py", line 171, in sentinel2_composite
    log(f"  S2 granules covering the AOI: " + ", ".join(f"{t} ({max(i['_overlap'] for i in its):.0%})" for t, its in by_tile.items()))
                  ^^^^^^^^^^^^^^^^^^^^^^^^^^^^^^^^^^^^^^^^^^^^^^^^^^^^^^^^^^^^^^^^^^^^^^^^^^
  File "/Users/kuldeepraj/Major-Project-EconnectAI/ecoconnect/gee/stac_acquire.py", line 112, in _read_asset_to_grid
    data = src.read(1, window=win, masked=True).astype(np.float32)
           ~~~~~~~~^^^^^^^^^^^^^^^^^^^^^^^^^^^^
  File "rasterio/_io.pyx", line 578, in rasterio._io.DatasetReaderBase.read
  File "rasterio/_io.pyx", line 900, in rasterio._io.DatasetReaderBase._read
    raise RasterioIOError("Read failed. See previous exception for details.") from cplerr
rasterio.errors.RasterioIOError: Read failed. See previous exception for details.
